javac : src\com\carre
ntal\service\BookingS
ervice.java:18: 
error: cannot find 
symbol
At line:1 char:1
+ javac -d bin 
-sourcepath src src/c
om/carrental/ui/WebSe
rverLauncher.j ...
+ ~~~~~~~~~~~~~~~~~~~
~~~~~~~~~~~~~~~~~~~~~
~~~~~~~~~~~~~~~~~~~~~
~~~~~~~~
    + CategoryInfo   
           : NotSpe  
  cified: (src\com   
 \carrent...not f    
ind symbol:Strin    
g) [], RemoteExc    
eption
    + FullyQualified 
   ErrorId : Native  
  CommandError
 
        booking.setId
(bookingIdCounter.get
AndIncrement());
               ^
  symbol:   method 
setId(long)
  location: variable 
booking of type 
Booking
src\com\carrental\ui\
SimpleWebServer.java:
162: error: cannot 
find symbol
                     
   b.getId(), 
b.getCarId(), 
b.getCustomerName(), 
b.getPickupTime(), 
b.getDropoffTime(),
                     
    ^
  symbol:   method 
getId()
  location: variable 
b of type Booking
src\com\carrental\ui\
SimpleWebServer.java:
162: error: cannot 
find symbol
                     
   b.getId(), 
b.getCarId(), 
b.getCustomerName(), 
b.getPickupTime(), 
b.getDropoffTime(),
                     
               ^
  symbol:   method 
getCarId()
  location: variable 
b of type Booking
src\com\carrental\ui\
SimpleWebServer.java:
162: error: cannot 
find symbol
                     
   b.getId(), 
b.getCarId(), 
b.getCustomerName(), 
b.getPickupTime(), 
b.getDropoffTime(),
                     
                     
        ^
  symbol:   method 
getCustomerName()
  location: variable 
b of type Booking
src\com\carrental\ui\
SimpleWebServer.java:
162: error: cannot 
find symbol
                     
   b.getId(), 
b.getCarId(), 
b.getCustomerName(), 
b.getPickupTime(), 
b.getDropoffTime(),
                     
                     
                     
        ^
  symbol:   method 
getPickupTime()
  location: variable 
b of type Booking
src\com\carrental\ui\
SimpleWebServer.java:
162: error: cannot 
find symbol
                     
   b.getId(), 
b.getCarId(), 
b.getCustomerName(), 
b.getPickupTime(), 
b.getDropoffTime(),
                     
                     
                     
                     
      ^
  symbol:   method 
getDropoffTime()
  location: variable 
b of type Booking
src\com\carrental\ui\
SimpleWebServer.java:
174: error: cannot 
find symbol
                Car 
car = vehicleService.
findCarById(b.getCarI
d()).orElse(null);
                     
                     
            ^
  symbol:   method 
getCarId()
  location: variable 
b of type Booking
src\com\carrental\ui\
SimpleWebServer.java:
187: error: cannot 
find symbol
                Car 
car = vehicleService.
findCarById(b.getCarI
d()).orElse(null);
                     
                     
            ^
  symbol:   method 
getCarId()
  location: variable 
b of type Booking
src\com\carrental\ui\
SimpleWebServer.java:
191: error: cannot 
find symbol
                json.
append("\"id\":").app
end(b.getId()).append
(",");
                     
                     
     ^
  symbol:   method 
getId()
  location: variable 
b of type Booking
src\com\carrental\ui\
SimpleWebServer.java:
193: error: cannot 
find symbol
                json.
append("\"pickup\":\"
").append(b.getPickup
Time()).append("\",")
;
                     
                     
           ^
  symbol:   method 
getPickupTime()
  location: variable 
b of type Booking
src\com\carrental\ui\
SimpleWebServer.java:
194: error: cannot 
find symbol
                json.
append("\"dropoff\":\
"").append(b.getDropo
ffTime()).append("\",
");
                     
                     
            ^
  symbol:   method 
getDropoffTime()
  location: variable 
b of type Booking
src\com\carrental\ui\
SimpleWebServer.java:
222: error: 
constructor Booking 
in class Booking 
cannot be applied to 
given types;
                
Booking booking = 
new Booking(0, 
carId, customerName, 
pickupTime, 
dropoffTime, 
totalPrice);
                     
             ^
  required: no 
arguments
  found:    int,int,S
tring,String,String,d
ouble
  reason: actual and 
formal argument 
lists differ in 
length
12 errors
